../Core/Src/main.c:83:6:HAL_TIM_IC_CaptureCallback	16	static
../Core/Src/main.c:88:5:_write	32	static,ignoring_inline_asm
../Core/Src/main.c:114:5:main	32	static
../Core/Src/main.c:284:6:SystemClock_Config	88	static
../Core/Src/main.c:339:13:MX_TIM1_Init	96	static
../Core/Src/main.c:426:13:MX_TIM3_Init	32	static
../Core/Src/main.c:471:13:MX_TIM4_Init	48	static
../Core/Src/main.c:529:13:MX_USART2_UART_Init	8	static
../Core/Src/main.c:562:13:MX_GPIO_Init	48	static
../Core/Src/main.c:616:6:vApplicationStackOverflowHook	24	static,ignoring_inline_asm
../Core/Src/main.c:627:6:vApplicationMallocFailedHook	16	static,ignoring_inline_asm
../Core/Src/main.c:664:6:HAL_TIM_PeriodElapsedCallback	16	static
../Core/Src/main.c:682:6:Error_Handler	4	static,ignoring_inline_asm
