../Core/Src/TraceRecorder/trcObject.c:22:13:xTraceObjectRegisterInternal	72	static,ignoring_inline_asm
../Core/Src/TraceRecorder/trcObject.c:107:13:xTraceObjectRegister	40	static
../Core/Src/TraceRecorder/trcObject.c:113:13:xTraceObjectRegister2	48	static
../Core/Src/TraceRecorder/trcObject.c:119:13:xTraceObjectUnregister	40	static
../Core/Src/TraceRecorder/trcObject.c:155:13:xTraceObjectSetName	32	static
../Core/Src/TraceRecorder/trcObject.c:185:13:xTraceObjectRegisterWithoutHandle	48	static
../Core/Src/TraceRecorder/trcObject.c:193:13:xTraceObjectRegisterWithoutHandle2	56	static
../Core/Src/TraceRecorder/trcObject.c:201:13:xTraceObjectUnregisterWithoutHandle	56	static,ignoring_inline_asm
../Core/Src/TraceRecorder/trcObject.c:225:13:xTraceObjectSetNameWithoutHandle	48	static,ignoring_inline_asm
../Core/Src/TraceRecorder/trcObject.c:252:13:xTraceObjectSetSpecificStateWithoutHandle	56	static,ignoring_inline_asm
../Core/Src/TraceRecorder/trcObject.c:275:13:xTraceObjectSetOptionsWithoutHandle	48	static,ignoring_inline_asm
