../Core/Src/TraceRecorder/trcStreamingRecorder.c:142:13:xTraceInitialize	16	static
../Core/Src/TraceRecorder/trcStreamingRecorder.c:274:13:xTraceHeaderInitialize	24	static
../Core/Src/TraceRecorder/trcStreamingRecorder.c:346:13:xTraceEnable	32	static
../Core/Src/TraceRecorder/trcStreamingRecorder.c:408:13:xTraceDisable	8	static
../Core/Src/TraceRecorder/trcStreamingRecorder.c:431:13:xTraceGetEventBuffer	16	static
../Core/Src/TraceRecorder/trcStreamingRecorder.c:445:13:xTraceTzCtrl	24	static
../Core/Src/TraceRecorder/trcStreamingRecorder.c:489:6:vTraceSetFilterGroup	16	static
../Core/Src/TraceRecorder/trcStreamingRecorder.c:494:6:vTraceSetFilterMask	16	static
../Core/Src/TraceRecorder/trcStreamingRecorder.c:503:32:prvIs64bit	4	static
../Core/Src/TraceRecorder/trcStreamingRecorder.c:509:13:prvSetRecorderEnabled	32	static,ignoring_inline_asm
../Core/Src/TraceRecorder/trcStreamingRecorder.c:554:13:prvSetRecorderDisabled	24	static,ignoring_inline_asm
../Core/Src/TraceRecorder/trcStreamingRecorder.c:617:13:prvTraceStoreStartEvent	24	static
../Core/Src/TraceRecorder/trcStreamingRecorder.c:633:16:prvIsValidCommand	24	static
../Core/Src/TraceRecorder/trcStreamingRecorder.c:661:13:prvProcessCommand	16	static
../Core/Src/TraceRecorder/trcStreamingRecorder.c:681:20:prvVerifySizeAlignment	16	static
